
> handdrawn-knowledge-graph@1.0.0 build
> next build

   ▲ Next.js 15.5.19
   - Environments: .env.local

